=============== annotated_ptr.streaming begin ===============
cuda::annotated_ptr<int, cuda::access_property::streaming> -> <address>
=============== annotated_ptr.streaming end ===============
=============== annotated_ptr.persisting begin ===============
cuda::annotated_ptr<int, cuda::access_property::persisting> -> <address>
=============== annotated_ptr.persisting end ===============
=============== annotated_ptr.global begin ===============
cuda::annotated_ptr<float, cuda::access_property::global> -> <address>
=============== annotated_ptr.global end ===============
=============== annotated_ptr.null begin ===============
cuda::annotated_ptr<int, cuda::access_property::streaming> -> nullptr
=============== annotated_ptr.null end ===============
