=============== array.normal begin ===============
(const cuda::std::array<int, 3> &) <address> ([0] = -7, [1] = 0, [2] = 42)
=============== array.normal end ===============
=============== array.empty begin ===============
(const cuda::std::array<int, 0> &) <address>
=============== array.empty end ===============
=============== array.nested begin ===============
(const cuda::std::array<cuda::std::array<int, 2>, 2> &) <address>: {
  [0] = ([0] = 13, [1] = -5)
  [1] = ([0] = 0, [1] = 88)
}
=============== array.nested end ===============
=============== array.alias begin ===============
(const array_alias &) <address> ([0] = -31, [1] = 17, [2] = 8, [3] = -64)
=============== array.alias end ===============
=============== array.update.before begin ===============
(const cuda::std::array<int, 3> &) <address> ([0] = 6, [1] = -91, [2] = 52)
=============== array.update.before end ===============
=============== array.update.after begin ===============
(const cuda::std::array<int, 3> &) <address> ([0] = 3, [1] = 85, [2] = -12)
=============== array.update.after end ===============
